
> react-example@0.0.0 build
> vite build

[36mvite v6.4.2 [32mbuilding for production...[36m[39m
transforming...
[32mΓ£ô[39m 3648 modules transformed.
npm : [31mΓ£ù[39m Build failed in 7.70s
At line:1 char:1
+ npm run build > build_output.txt 2>&1
+ ~~~~~~~~~~~~~~~~~~~~~~~~~~~~~~~~~~~~~
    + CategoryInfo          : NotSpecified: ([31mΓ£ù[39m Build failed in 7.70s:String) [], RemoteException
    + FullyQualifiedErrorId : NativeCommandError
 
[31merror during build:
[31msrc/components/hr/AddEmployee.tsx (21:9): "userApi" is not exported by "src/lib/api.ts", imported by 
"src/components/hr/AddEmployee.tsx".[31m
file: [36mC:/Helixion/git web mrs/src/components/hr/AddEmployee.tsx:21:9[31m
[33m
19: import { Card, CardContent, CardHeader, CardTitle, CardDescription } from "@/components/ui/card";
20: import { toast } from 'sonner';
21: import { userApi } from '../../lib/api';
             ^
22: 
23: interface AddEmployeeProps {
[31m
    at getRollupError (file:///C:/Helixion/git%20web%20mrs/node_modules/rollup/dist/es/shared/parseAst.js:406:41)
    at error (file:///C:/Helixion/git%20web%20mrs/node_modules/rollup/dist/es/shared/parseAst.js:402:42)
    at Module.error (file:///C:/Helixion/git%20web%20mrs/node_modules/rollup/dist/es/shared/node-entry.js:17384:16)
    at Module.traceVariable 
(file:///C:/Helixion/git%20web%20mrs/node_modules/rollup/dist/es/shared/node-entry.js:17817:29)
    at ModuleScope.findVariable 
(file:///C:/Helixion/git%20web%20mrs/node_modules/rollup/dist/es/shared/node-entry.js:15407:39)
    at ReturnValueScope.findVariable 
(file:///C:/Helixion/git%20web%20mrs/node_modules/rollup/dist/es/shared/node-entry.js:5676:38)
    at FunctionBodyScope.findVariable 
(file:///C:/Helixion/git%20web%20mrs/node_modules/rollup/dist/es/shared/node-entry.js:5676:38)
    at ReturnValueScope.findVariable 
(file:///C:/Helixion/git%20web%20mrs/node_modules/rollup/dist/es/shared/node-entry.js:5676:38)
    at FunctionBodyScope.findVariable 
(file:///C:/Helixion/git%20web%20mrs/node_modules/rollup/dist/es/shared/node-entry.js:5676:38)
    at TrackingScope.findVariable 
(file:///C:/Helixion/git%20web%20mrs/node_modules/rollup/dist/es/shared/node-entry.js:5676:38)[39m
